at : 0 a0 : 0 probl√®me dans l'affichage du nom du registre : ffffffff 