
------ Fichier ELF "boucle.o" : sections lues lors du chargement ------
Virtual memory map (3 segments)
.text   	r-x	Vaddr: 0x00003000	Size: 24 bytes
.data   	rw-	Vaddr: 0x00004000	Size: 4 bytes
.bss    	rw-	Vaddr: 0x00005000	Size: 0 bytes
Symbol table has 7 syms:
Symbol            .text (0    bytes @ 0x00000000): section
Symbol            .data (0    bytes @ 0x00000000): section
Symbol             .bss (0    bytes @ 0x00000000): section
Symbol         .reginfo (0    bytes @ 0x00000000): section
Symbol             .pdr (0    bytes @ 0x00000000): section
Symbol           _start (0    bytes @ 0x00000000): object
Symbol                X (0    bytes @ 0x00000000): no type

