3000 :: 2009000c	ADDI $t1, $zero, 12
3004 :: 00005020	ADD $t2, $zero, $zero
3008 :: 214a0001	ADDI $t2, $t2, 1
300c :: 1549fffe	BNE $t2, $t1, -8
3010 :: 00000000	NOP
